// Jest Snapshot v1, https://goo.gl/fbAQLP

exports[`renders Button component correctly 1`] = `
<button
  className="test1"
  onClick={[Function]}
  text="text-test1"
  type="button"
>
  text-test1
</button>
`;
