// Jest Snapshot v1, https://goo.gl/fbAQLP

exports[`Testing Calculator compoenent it renders all Calculator components correctly 1`] = `
<div
  className="main"
>
  <div
    className="grid-container"
  >
    <div
      className="grid-itemResult"
    >
      <span />
    </div>
    <button
      className="grid-item"
      onClick={[Function]}
      text="AC"
      type="button"
    >
      AC
    </button>
    <button
      className="grid-item"
      onClick={[Function]}
      text="+/-"
      type="button"
    >
      +/-
    </button>
    <button
      className="grid-item"
      onClick={[Function]}
      text="%"
      type="button"
    >
      %
    </button>
    <button
      className="grid-item operator"
      onClick={[Function]}
      text="รท"
      type="button"
    >
      รท
    </button>
    <button
      className="grid-item"
      onClick={[Function]}
      text="7"
      type="button"
    >
      7
    </button>
    <button
      className="grid-item"
      onClick={[Function]}
      text="8"
      type="button"
    >
      8
    </button>
    <button
      className="grid-item"
      onClick={[Function]}
      text="9"
      type="button"
    >
      9
    </button>
    <button
      className="grid-item operator"
      onClick={[Function]}
      text="x"
      type="button"
    >
      x
    </button>
    <button
      className="grid-item"
      onClick={[Function]}
      text="4"
      type="button"
    >
      4
    </button>
    <button
      className="grid-item"
      onClick={[Function]}
      text="5"
      type="button"
    >
      5
    </button>
    <button
      className="grid-item"
      onClick={[Function]}
      text="6"
      type="button"
    >
      6
    </button>
    <button
      className="grid-item operator"
      onClick={[Function]}
      text="-"
      type="button"
    >
      -
    </button>
    <button
      className="grid-item"
      onClick={[Function]}
      text="1"
      type="button"
    >
      1
    </button>
    <button
      className="grid-item"
      onClick={[Function]}
      text="2"
      type="button"
    >
      2
    </button>
    <button
      className="grid-item"
      onClick={[Function]}
      text="3"
      type="button"
    >
      3
    </button>
    <button
      className="grid-item operator"
      onClick={[Function]}
      text="+"
      type="button"
    >
      +
    </button>
    <button
      className="grid-zero"
      onClick={[Function]}
      text="0"
      type="button"
    >
      0
    </button>
    <button
      className="grid-item"
      onClick={[Function]}
      text="."
      type="button"
    >
      .
    </button>
    <button
      className="grid-item operator"
      onClick={[Function]}
      text="="
      type="button"
    >
      =
    </button>
  </div>
</div>
`;
